--------------------
| MAIN NETWORK STATS |
--------------------

USERS
_____

Total: 11020
Standard: 2715	(24.637% of total agents)
Celebrity: 2812	(25.5172% of total agents)
Bot: 2755	(25% of total agents)
Organization: 2738	(24.8457% of total agents)

TWEETS
_____

Total: 202
Hashtags: 193	(95.5446% of total tweets)
Standard: 64	(31.6832% of total tweets)
Celebrity: 63	(31.1881% of total tweets)
Bot: 0	(0% of total tweets)
Organization: 75	(37.1287% of total tweets)

RETWEETS
_______

Total: 0
Standard: 0	(0% of total retweets)
Celebrity: 0	(0% of total retweets)
Bot: 0	(0% of total retweets)
Organization: 0	(0% of total retweets)

FOLLOWS
_______

Total follows: 209
Total follow attempts: 318
Random: 30	(9.43396% of total follow attempts)
Twitter_Suggest: 48	(15.0943% of total follow attempts)
Agent: 30	(9.43396% of total follows attempts)
Preferential_Agent: 27	(8.49057% of total follow attempts)
Retweet: 0	(0% of total follows attempts)
Hashtag: 119	(37.4214% of total follows attempts)
Followbacks: 64	 (20.1258% of total follow attempts)
Standard: 77	(36.8421% of total follows)
Celebrity: 25	(11.9617% of total follows)
Bot: 56	(26.7943% of total follows)
Organization: 51	(24.4019% of total follows)
