--------------------
| MAIN NETWORK STATS |
--------------------

USERS
_____

Total: 1000
Standard: 488	(48.8% of total agents)
Celebrity: 512	(51.2% of total agents)

TWEETS
_____

Total: 4902
Hashtags: 2520	(51.4076% of total tweets)
Standard: 2453	(50.0408% of total tweets)
Celebrity: 2449	(49.9592% of total tweets)

RETWEETS
_______

Total: 0
Standard: 0	(0% of total retweets)
Celebrity: 0	(0% of total retweets)

FOLLOWS
_______

Total follows: 4940
Total follow attempts: 5056
Random: 0	(0% of total follow attempts)
Twitter_Suggest: 5056	(100% of total follow attempts)
Agent: 0	(0% of total follows attempts)
Preferential_Agent: 0	(0% of total follow attempts)
Retweet: 0	(0% of total follows attempts)
Hashtag: 0	(0% of total follows attempts)
Followbacks: 0	 (0% of total follow attempts)
Standard: 2417	(48.9271% of total follows)
Celebrity: 2523	(51.0729% of total follows)
