--------------------
| MAIN NETWORK STATS |
--------------------

USERS
_____

Total: 10993
Standard: 2797	(25.4435% of total agents)
Celebrity: 2737	(24.8977% of total agents)
Bot: 2698	(24.5429% of total agents)
Organization: 2761	(25.116% of total agents)

TWEETS
_____

Total: 206
Hashtags: 101	(49.0291% of total tweets)
Standard: 65	(31.5534% of total tweets)
Celebrity: 65	(31.5534% of total tweets)
Bot: 1	(0.485437% of total tweets)
Organization: 75	(36.4078% of total tweets)

RETWEETS
_______

Total: 0
Standard: 0	(0% of total retweets)
Celebrity: 0	(0% of total retweets)
Bot: 0	(0% of total retweets)
Organization: 0	(0% of total retweets)

FOLLOWS
_______

Total follows: 9595
Total follow attempts: 2947
Random: 0	(0% of total follow attempts)
Twitter_Suggest: 0	(0% of total follow attempts)
Agent: 0	(0% of total follows attempts)
Preferential_Agent: 0	(0% of total follow attempts)
Retweet: 0	(0% of total follows attempts)
Hashtag: 0	(0% of total follows attempts)
Followbacks: 2947	 (100% of total follow attempts)
Standard: 4482	(46.7118% of total follows)
Celebrity: 1681	(17.5195% of total follows)
Bot: 1777	(18.5201% of total follows)
Organization: 1655	(17.2486% of total follows)
