--------------------
| MAIN NETWORK STATS |
--------------------

USERS
_____

Total: 10978
Standard: 2762	(25.1594% of total agents)
Celebrity: 2753	(25.0774% of total agents)
Bot: 2741	(24.9681% of total agents)
Organization: 2722	(24.795% of total agents)

TWEETS
_____

Total: 178
Hashtags: 82	(46.0674% of total tweets)
Standard: 57	(32.0225% of total tweets)
Celebrity: 62	(34.8315% of total tweets)
Bot: 0	(0% of total tweets)
Organization: 59	(33.1461% of total tweets)

RETWEETS
_______

Total: 0
Standard: 0	(0% of total retweets)
Celebrity: 0	(0% of total retweets)
Bot: 0	(0% of total retweets)
Organization: 0	(0% of total retweets)

FOLLOWS
_______

Total follows: 8505
Total follow attempts: 2617
Random: 0	(0% of total follow attempts)
Preferential: 0	(0% of total follow attempts)
Agent: 0	(0% of total follows attempts)
Preferential-agent: 0	(0% of total follow attempts)
Retweet: 1	(0.0382117% of total follows attempts)
Hashtag: 0	(0% of total follows attempts)
Followbacks: 2616	 (99.9618% of total follow attempts)
Standard: 2245	(26.3962% of total follows)
Celebrity: 2104	(24.7384% of total follows)
Bot: 2112	(24.8325% of total follows)
Organization: 2044	(24.0329% of total follows)
