--------------------
| MAIN NETWORK STATS |
--------------------

USERS
_____

Total: 100
Standard: 100	(100% of total agents)

TWEETS
_____

Total: 489
Hashtags: 489	(100% of total tweets)
Standard: 489	(100% of total tweets)

RETWEETS
_______

Total: 8510
Standard: 8510	(100% of total retweets)

FOLLOWS
_______

Total follows: 1525
Total follow attempts: 1803
Random: 1018	(56.4615% of total follow attempts)
Twitter_Suggest: 0	(0% of total follow attempts)
Agent: 0	(0% of total follows attempts)
Preferential_Agent: 0	(0% of total follow attempts)
Retweet: 785	(43.5385% of total follows attempts)
Hashtag: 0	(0% of total follows attempts)
Followbacks: 0	 (0% of total follow attempts)
Standard: 1525	(100% of total follows)
