--------------------
| MAIN NETWORK STATS |
--------------------

USERS
_____

Total: 21371
Standard: 5376	(25.1556% of total agents)
Celebrity: 5400	(25.2679% of total agents)
Bot: 5188	(24.2759% of total agents)
Organization: 5407	(25.3006% of total agents)

TWEETS
_____

Total: 875
Hashtags: 448	(51.2% of total tweets)
Standard: 288	(32.9143% of total tweets)
Celebrity: 253	(28.9143% of total tweets)
Bot: 6	(0.685714% of total tweets)
Organization: 328	(37.4857% of total tweets)

RETWEETS
_______

Total: 0
Standard: 0	(-nan% of total retweets)
Celebrity: 0	(-nan% of total retweets)
Bot: 0	(-nan% of total retweets)
Organization: 0	(-nan% of total retweets)

FOLLOWS
_______

Total follows: 1181
Total follow attempts: 1885
Random: 0	(0% of total follow attempts)
Preferential: 1527	(81.008% of total follow attempts)
Agent: 0	(0% of total follows attempts)
Preferential-agent: 0	(0% of total follow attempts)
Retweet: 0	(0% of total follows attempts)
Hashtag: 0	(0% of total follows attempts)
Followbacks: 358	 (18.992% of total follow attempts)
Standard: 313	(26.503% of total follows)
Celebrity: 101	(8.55207% of total follows)
Bot: 488	(41.3209% of total follows)
Organization: 279	(23.624% of total follows)
