--------------------
| MAIN NETWORK STATS |
--------------------

USERS
_____

Total: 100000
Standard: 25100	(25.1% of total agents)
Celebrity: 24918	(24.918% of total agents)
Bot: 24905	(24.905% of total agents)
Organization: 25077	(25.077% of total agents)

TWEETS
_____

Total: 5192
Hashtags: 2625	(50.5586% of total tweets)
Standard: 1338	(25.7704% of total tweets)
Celebrity: 1313	(25.2889% of total tweets)
Bot: 1260	(24.2681% of total tweets)
Organization: 1281	(24.6726% of total tweets)

RETWEETS
_______

Total: 0
Standard: 0	(0% of total retweets)
Celebrity: 0	(0% of total retweets)
Bot: 0	(0% of total retweets)
Organization: 0	(0% of total retweets)

FOLLOWS
_______

Total follows: 5477
Total follow attempts: 9032
Random: 7364	(81.5323% of total follow attempts)
Twitter_Suggest: 0	(0% of total follow attempts)
Agent: 0	(0% of total follows attempts)
Preferential_Agent: 0	(0% of total follow attempts)
Retweet: 0	(0% of total follows attempts)
Hashtag: 0	(0% of total follows attempts)
Followbacks: 1668	 (18.4677% of total follow attempts)
Standard: 1305	(23.8269% of total follows)
Celebrity: 1414	(25.8171% of total follows)
Bot: 1396	(25.4884% of total follows)
Organization: 1362	(24.8676% of total follows)
