This is the degree distribution by follow model. The data order is:
# degree	log_of_degree	Random-normalized_probability	Random-log_of_normalized_probability	Twitter_Suggest-normalized_probability	Twitter_Suggest-log_of_normalized_probability	Agent-normalized_probability	Agent-log_of_normalized_probability	Preferential_Agent-normalized_probability	Preferential_Agent-log_of_normalized_probability	Hashtag-normalized_probability	Hashtag-log_of_normalized_probability	Twitter-normalized_probability	Twitter-log_of_normalized_probability	Followbacks-normalized_probability	Followbacks-log_of_normalized_probability

0	-inf	1	0	1	0	1	0	0.977712	-0.02254	1	0	1	0	0.988006	-0.0120668
1	0	0	-inf	0	-inf	0	-inf	0.0214823	-3.84053	0	-inf	0	-inf	0.0118153	-4.43836
2	0.693147	0	-inf	0	-inf	0	-inf	0.000805585	-7.12394	0	-inf	0	-inf	0.000179019	-8.62802
3	1.09861	0	-inf	0	-inf	0	-inf	0	-inf	0	-inf	0	-inf	0	-inf
4	1.38629	0	-inf	0	-inf	0	-inf	0	-inf	0	-inf	0	-inf	0	-inf
5	1.60944	0	-inf	0	-inf	0	-inf	0	-inf	0	-inf	0	-inf	0	-inf
