# Agent percentages following agent type 'Organization'
# Standard: 17.5   Celebrity: 20   Bot: 37.5   Organization: 25   
# Agent percentages that agent type 'Organization' follows
# Standard: 9.61538   Celebrity: 55.7692   Bot: 15.3846   Organization: 19.2308   
# degree	in_degree	out_degree	cumulative	log(degree)	log(in_degree)	log(out_degree)	log(cumulative)

0	0.98518	0.980734	0.973323	-inf	-0.0149312	-0.0194544	-0.0270388
1	0.0148203	0.0192664	0.0192664	0	-4.21176	-3.94939	-3.94939
