--------------------
| MAIN NETWORK STATS |
--------------------

USERS
_____

Total: 100
Standard: 100	(100% of total agents)

TWEETS
_____

Total: 533
Hashtags: 533	(100% of total tweets)
Standard: 533	(100% of total tweets)

RETWEETS
_______

Total: 2560
Standard: 2560	(100% of total retweets)

FOLLOWS
_______

Total follows: 1127
Total follow attempts: 1277
Random: 991	(77.6038% of total follow attempts)
Twitter_Suggest: 0	(0% of total follow attempts)
Agent: 0	(0% of total follows attempts)
Preferential_Agent: 0	(0% of total follow attempts)
Retweet: 286	(22.3962% of total follows attempts)
Hashtag: 0	(0% of total follows attempts)
Followbacks: 0	 (0% of total follow attempts)
Standard: 1127	(100% of total follows)
