This is the degree distribution by follow model. The data order is:
# degree	log_of_degree	Random-normalized_probability	Random-log_of_normalized_probability	Twitter_Suggest-normalized_probability	Twitter_Suggest-log_of_normalized_probability	Agent-normalized_probability	Agent-log_of_normalized_probability	Preferential_Agent-normalized_probability	Preferential_Agent-log_of_normalized_probability	Hashtag-normalized_probability	Hashtag-log_of_normalized_probability	Twitter-normalized_probability	Twitter-log_of_normalized_probability	Followbacks-normalized_probability	Followbacks-log_of_normalized_probability

0	-inf	1	0	0.96763	-0.0329057	1	0	1	0	1	0	1	0	0.985004	-0.0151099
1	0	0	-inf	0.03109	-3.47087	0	-inf	0	-inf	0	-inf	0	-inf	0.0146306	-4.22464
2	0.693147	0	-inf	0.00128018	-6.66076	0	-inf	0	-inf	0	-inf	0	-inf	0.000365764	-7.91352
3	1.09861	0	-inf	0	-inf	0	-inf	0	-inf	0	-inf	0	-inf	0	-inf
4	1.38629	0	-inf	0	-inf	0	-inf	0	-inf	0	-inf	0	-inf	0	-inf
5	1.60944	0	-inf	0	-inf	0	-inf	0	-inf	0	-inf	0	-inf	0	-inf
