--------------------
| MAIN NETWORK STATS |
--------------------

USERS
_____

Total: 10936
Standard: 2764	(25.2743% of total agents)
Celebrity: 2778	(25.4023% of total agents)
Bot: 2737	(25.0274% of total agents)
Organization: 2657	(24.2959% of total agents)

TWEETS
_____

Total: 219
Hashtags: 119	(54.3379% of total tweets)
Standard: 65	(29.6804% of total tweets)
Celebrity: 65	(29.6804% of total tweets)
Bot: 0	(0% of total tweets)
Organization: 89	(40.6393% of total tweets)

RETWEETS
_______

Total: 0
Standard: 0	(0% of total retweets)
Celebrity: 0	(0% of total retweets)
Bot: 0	(0% of total retweets)
Organization: 0	(0% of total retweets)

FOLLOWS
_______

Total follows: 268
Total follow attempts: 444
Random: 0	(0% of total follow attempts)
Twitter_Suggest: 360	(81.0811% of total follow attempts)
Agent: 0	(0% of total follows attempts)
Preferential_Agent: 0	(0% of total follow attempts)
Retweet: 0	(0% of total follows attempts)
Hashtag: 0	(0% of total follows attempts)
Followbacks: 84	 (18.9189% of total follow attempts)
Standard: 70	(26.1194% of total follows)
Celebrity: 24	(8.95522% of total follows)
Bot: 113	(42.1642% of total follows)
Organization: 61	(22.7612% of total follows)
